
> riverwideoceandeep-site@0.0.1 build
> astro build

[2m08:20:53[22m [34m[@astrojs/cloudflare][39m Enabling compile-time image optimization. Images will be pre-optimized at build time.
[2m08:20:53[22m [34m[@astrojs/cloudflare][39m Enabling sessions with Cloudflare KV with the "SESSION" KV binding.
[2m08:20:54[22m [34m[vite][39m Re-optimizing dependencies because vite config has changed
[2m08:20:54[22m [34m[vite][39m Re-optimizing dependencies because vite config has changed
[2m08:20:55[22m [34m[content][39m Syncing content
[2m08:20:55[22m [34m[content][39m Synced content
[2m08:20:55[22m [34m[types][39m Generated [2m1.39s[22m
[2m08:20:55[22m [34m[build][39m output: [34m"static"[39m
[2m08:20:55[22m [34m[build][39m mode: [34m"server"[39m
[2m08:20:55[22m [34m[build][39m directory: [34mC:\Users\Michael\Projects\riverwideoceandeep-site\dist\[39m
[2m08:20:55[22m [34m[build][39m adapter: [32m@astrojs/cloudflare[39m
[2m08:20:55[22m [34m[build][39m Collecting build info...
[2m08:20:55[22m [34m[build][39m [32mΓ£ô Completed in 1.41s.[39m
[2m08:20:55[22m [34m[build][39m Building server entrypoints...
[2m08:20:55[22m [34m[vite][39m [32mΓ£ô built in 551ms[39m
[2m08:20:56[22m [34m[vite][39m [32mΓ£ô built in 1.09s[39m
[2m08:20:56[22m [34m[vite][39m [32mΓ£ô built in 14ms[39m

[42m[30m prerendering static routes [39m[49m
[2m08:20:57[22m   [34mΓö£ΓöÇ[39m [2m/about/index.html[22m [2m(+26ms)[22m 
[2m08:20:57[22m   [34mΓö£ΓöÇ[39m [2m/blog/empyre-quiet-commotion/index.html[22m [2m(+11ms)[22m 
[2m08:20:57[22m   [34mΓö£ΓöÇ[39m [2m/blog/fates-warning-river-wide-ocean-deep/index.html[22m [2m(+7ms)[22m 
[2m08:20:57[22m   [34mΓö£ΓöÇ[39m [2m/blog/fates-warning-wish/index.html[22m [2m(+7ms)[22m 
[2m08:20:57[22m   [34mΓö£ΓöÇ[39m [2m/blog/rush-freewill/index.html[22m [2m(+7ms)[22m 
[2m08:20:57[22m   [34mΓö£ΓöÇ[39m [2m/blog/styx-the-grand-illusion-man-in-the-wilderness/index.html[22m [2m(+9ms)[22m 
[2m08:20:57[22m   [34mΓö£ΓöÇ[39m [2m/rss.xml[22m [2m(+13ms)[22m 
[2m08:20:57[22m   [34mΓö£ΓöÇ[39m [2m/index.html[22m [2m(+16ms)[22m 
[2m08:20:57[22m [32mΓ£ô Completed in 500ms.
[39m
[42m[30m generating optimized images [39m[49m
[2m08:20:57[22m   [32mΓû╢[39m /_astro/CassetteRecorder.DaNWoF0N_ZMTDNr.webp [2m(reused cache entry)[22m [2m(+1ms)[22m [2m(1/3)[22m
[2m08:20:57[22m   [32mΓû╢[39m /_astro/DrDemento-1024x865.zQWmw4v__Z1z5CTN.webp [2m(reused cache entry)[22m [2m(+1ms)[22m [2m(2/3)[22m
[2m08:20:57[22m   [32mΓû╢[39m /_astro/Styx_TGI-893x1024.Kf5xAeFX_Z22QvnY.webp [2m(reused cache entry)[22m [2m(+2ms)[22m [2m(3/3)[22m
[2m08:20:57[22m [32mΓ£ô Completed in 2ms.
[39m
[2m08:20:57[22m [34m[build][39m Rearranging server assets...
[2m08:20:57[22m [34m[build][39m [32mΓ£ô Completed in 2.21s.[39m
[2m08:20:57[22m [34m[@astrojs/sitemap][39m `sitemap-index.xml` created at `dist\client`
[2m08:20:57[22m [34m[build][39m Server built in [1m3.63s[22m
[2m08:20:57[22m [34m[build][39m [1mComplete![22m
